C:\Users\El_Chupa\Desktop\JAVA Spring Prokects\DiplomSelenium\src\main\java\base_page\LoginPage.java
C:\Users\El_Chupa\Desktop\JAVA Spring Prokects\DiplomSelenium\src\main\java\base_page\CommonConstants\CommonConstants.java
C:\Users\El_Chupa\Desktop\JAVA Spring Prokects\DiplomSelenium\src\main\java\Config\Config.java
C:\Users\El_Chupa\Desktop\JAVA Spring Prokects\DiplomSelenium\src\main\java\base_page\HomePage.java
C:\Users\El_Chupa\Desktop\JAVA Spring Prokects\DiplomSelenium\src\main\java\services\UserApiService.java
C:\Users\El_Chupa\Desktop\JAVA Spring Prokects\DiplomSelenium\src\main\java\services\RestClientService.java
C:\Users\El_Chupa\Desktop\JAVA Spring Prokects\DiplomSelenium\src\main\java\base_page\Constructor.java
C:\Users\El_Chupa\Desktop\JAVA Spring Prokects\DiplomSelenium\src\main\java\base_page\PersonalCabinetPage.java
C:\Users\El_Chupa\Desktop\JAVA Spring Prokects\DiplomSelenium\src\main\java\base_page\RegistrationPage.java
C:\Users\El_Chupa\Desktop\JAVA Spring Prokects\DiplomSelenium\src\main\java\Config\ClientsFactory.java
C:\Users\El_Chupa\Desktop\JAVA Spring Prokects\DiplomSelenium\src\main\java\base_page\BasePage.java
C:\Users\El_Chupa\Desktop\JAVA Spring Prokects\DiplomSelenium\src\main\java\base_page\PasswordRecoveryPage.java
